============================= test session starts =============================
platform win32 -- Python 3.14.4, pytest-9.0.3, pluggy-1.6.0
rootdir: C:\Users\Admin\OneDrive\Bureau\ollama-dashboard
configfile: pytest.ini (WARNING: ignoring pytest config in pyproject.toml!)
testpaths: tests
plugins: asyncio-1.3.0, mock-3.15.1
asyncio: mode=Mode.STRICT, debug=False, asyncio_default_fixture_loop_scope=None, asyncio_default_test_loop_scope=function
collected 232 items

tests\test_admin_model_defaults.py ..                                    [  0%]
tests\test_api_endpoints.py .                                            [  1%]
tests\test_app_comprehensive.py .......................................  [ 18%]
tests\test_app_startup.py .                                              [ 18%]
tests\test_available_models_capabilities.py .                            [ 18%]
tests\test_bulk_start_models.py .......                                  [ 21%]
tests\test_capabilities_complete.py .....................                [ 31%]
tests\test_capabilities_pytest.py ....                                   [ 32%]
tests\test_chat_model_settings.py .                                      [ 33%]
tests\test_dashboard_template.py ......                                  [ 35%]
tests\test_delete_model.py ..                                            [ 36%]
tests\test_disk.py ..                                                    [ 37%]
tests\test_double_init_app.py ....                                       [ 39%]
tests\test_downloadable.py .                                             [ 39%]
tests\test_endpoint.py .                                                 [ 40%]
tests\test_error_handling.py ...................                         [ 48%]
tests\test_extended_endpoints.py s                                       [ 48%]
tests\test_extended_model_settings.py ....                               [ 50%]
tests\test_health_endpoint.py ..                                         [ 51%]
tests\test_implementation.py ......                                      [ 53%]
tests\test_input_validator.py ......                                     [ 56%]
tests\test_model_operations.py ............                              [ 61%]
tests\test_model_settings_api.py ....                                    [ 63%]
tests\test_model_settings_endpoints_extra.py ..                          [ 64%]
tests\test_model_settings_service.py ..........                          [ 68%]
tests\test_model_settings_write.py ..                                    [ 69%]
tests\test_ollama_connection.py ........                                 [ 72%]
tests\test_ollama_service.py ....                                        [ 74%]
tests\test_ollama_service_start_stop_integration.py ...                  [ 75%]
tests\test_ollama_update_check.py ......                                 [ 78%]
tests\test_ollama_windows_official_setup.py ........                     [ 81%]
tests\test_output_visibility.py .                                        [ 82%]
tests\test_running_app.py s                                              [ 82%]
tests\test_running_parameters.py .                                       [ 83%]
tests\test_service_control_endpoints.py .....                            [ 85%]
tests\test_service_controls_ui.py ss                                     [ 86%]
tests\test_smoke_script.py .                                             [ 86%]
tests\test_start_model.py ...                                            [ 87%]
tests\test_start_model_pytest.py ...                                     [ 89%]
tests\test_stop_model_comprehensive.py .......                           [ 92%]
tests\test_ui_playwright.py sss                                          [ 93%]
tests\test_visual_layout.py ...............                              [100%]

================= 225 passed, 7 skipped in 138.69s (0:02:18) ==================
